text:
 0| A golden.cpp                                                   Row    1 Col   1
 1|   1  #include <stdio.h>
 2|   2  // a comment
 3|   3  int main(void)
 4|   4  {
 5|   5          printf("hi %d\n", 42);
 6|   6          return 0;
 7|   7  }
 8|   8
 9|
10|
11|
12|
13|
14|
15|
16|
17|
18|--------------------------------------------------------------------------------
19| Problems  Output  Terminal  REPL
20|c++17> %run golden.cpp
21|hi 42
22|c++17>
23|
styles:
 0 0+80:inverse
 1 6+8:fg=4 15+9:bold,fg=6
 2 0+4:dim 6+12:fg=2
 3 0+4:dim 6+3:bold 15+4:bold
 4 0+4:dim
 5 0+4:dim 21+6:fg=6 27+2:bold,fg=6 29+1:fg=6 32+2:fg=6
 6 0+4:dim 14+6:bold 21+1:fg=6
 7 0+4:dim
 8 0+4:dim
19 28+6:inverse
