text:
 0|  File  Run
 1| New  Open  Save | > Run v  # Stop
 2| golden.cpp
 3|   1  #include <stdio.h>
 4|   2  // a comment
 5|   3  int main(void)
 6|   4  {
 7|   5          printf("hi %d\n", 42);
 8|   6          return 0;
 9|   7  }
10|   8
11|
12|
13|
14|
15|
16|
17|
18|
19|
20|
21|
22|
23| A  golden.cpp                                                     Row 1  Col 1
styles:
 0 0+2:inverse 2+1:inverse,underline 3+5:inverse 8+1:inverse,underline 9+71:inverse
 1 28+1:dim 30+4:dim
 2 0+12:inverse
 3 6+8:fg=4 15+9:bold,fg=6
 4 0+4:dim 6+12:fg=2
 5 0+4:dim 6+3:bold 15+4:bold
 6 0+4:dim
 7 0+4:dim 21+6:fg=6 27+2:bold,fg=6 29+1:fg=6 32+2:fg=6
 8 0+4:dim 14+6:bold 21+1:fg=6
 9 0+4:dim
10 0+4:dim
23 0+4:inverse 4+10:bold,inverse 14+53:inverse 67+3:dim,inverse 70+4:inverse 74+3:dim,inverse 77+3:inverse
